#
# There is insufficient memory for the Java Runtime Environment to continue.
# Native memory allocation (mmap) failed to map 1073741824 bytes. Error detail: G1 virtual space
# Possible reasons:
#   The system is out of physical RAM or swap space
#   This process is running with CompressedOops enabled, and the Java Heap may be blocking the growth of the native heap
# Possible solutions:
#   Reduce memory load on the system
#   Increase physical memory or swap space
#   Check if swap backing store is full
#   Decrease Java heap size (-Xmx/-Xms)
#   Decrease number of Java threads
#   Decrease Java thread stack sizes (-Xss)
#   Set larger code cache with -XX:ReservedCodeCacheSize=
#   JVM is running with Zero Based Compressed Oops mode in which the Java heap is
#     placed in the first 32GB address space. The Java Heap base address is the
#     maximum limit for the native heap growth. Please use -XX:HeapBaseMinAddress
#     to set the Java Heap base and to place the Java Heap above 32GB virtual address.
# This output file may be truncated or incomplete.
#
#  Out of Memory Error (os_windows.cpp:3714), pid=21420, tid=27608
#
# JRE version:  (21.0.10+7) (build )
# Java VM: OpenJDK 64-Bit Server VM (21.0.10+7-LTS, mixed mode, sharing, tiered, compressed oops, compressed class ptrs, g1 gc, windows-amd64)
# No core dump will be written. Minidumps are not enabled by default on client versions of Windows
#

---------------  S U M M A R Y ------------

Command Line: -Declipse.application=org.eclipse.jdt.ls.core.id1 -Dosgi.bundles.defaultStartLevel=4 -Declipse.product=org.eclipse.jdt.ls.core.product -Dosgi.checkConfiguration=true -Dosgi.sharedConfiguration.area=C:/Users/Duy/AppData/Local/Zed/extensions/work/java/jdtls/jdt-language-server-1.57.0-202602261110/config_win -Dosgi.sharedConfiguration.area.readOnly=true -Dosgi.configuration.cascaded=true -Djava.import.generatesMetadataFilesAtProjectRoot=false -Xms1G --add-modules=ALL-SYSTEM --add-opens=java.base/java.util=ALL-UNNAMED --add-opens=java.base/java.lang=ALL-UNNAMED -javaagent:C:/Users/Duy/AppData/Local/Zed/extensions/work/java/lombok/lombok-1.18.44.jar C:/Users/Duy/AppData/Local/Zed/extensions/work/java/jdtls/jdt-language-server-1.57.0-202602261110/plugins/org.eclipse.equinox.launcher_1.7.100.v20251111-0406.jar -data C:\Users\Duy\AppData\Roaming/jdtls-7fa3783e76fcbab2fc302d4eb06d8d9188cd84f5

Host: 13th Gen Intel(R) Core(TM) i7-1355U, 12 cores, 15G,  Windows 11 , 64 bit Build 26100 (10.0.26100.7920)
Time: Tue Mar 31 09:37:47 2026 SE Asia Standard Time elapsed time: 3.648400 seconds (0d 0h 0m 3s)

---------------  T H R E A D  ---------------

Current thread (0x00000202cdbdcd80):  JavaThread "Unknown thread" [_thread_in_vm, id=27608, stack(0x000000a387d00000,0x000000a387e00000) (1024K)]

Stack: [0x000000a387d00000,0x000000a387e00000]
Native frames: (J=compiled Java code, j=interpreted, Vv=VM code, C=native code)
V  [jvm.dll+0x6d7a39]
V  [jvm.dll+0x8b4b26]
V  [jvm.dll+0x8b70de]
V  [jvm.dll+0x8b77c3]
V  [jvm.dll+0x284346]
V  [jvm.dll+0x6d4355]
V  [jvm.dll+0x6c808a]
V  [jvm.dll+0x35edb8]
V  [jvm.dll+0x3669f6]
V  [jvm.dll+0x3b7afe]
V  [jvm.dll+0x3b7da8]
V  [jvm.dll+0x332fbc]
V  [jvm.dll+0x333b0b]
V  [jvm.dll+0x87eadb]
V  [jvm.dll+0x3c4a81]
V  [jvm.dll+0x867d25]
V  [jvm.dll+0x457b31]
V  [jvm.dll+0x459721]
C  [jli.dll+0x52d0]
C  [ucrtbase.dll+0x37b0]
C  [KERNEL32.DLL+0x2e8d7]
C  [ntdll.dll+0x8c48c]


---------------  P R O C E S S  ---------------

Threads class SMR info:
_java_thread_list=0x00007ffc745fa1c8, length=0, elements={
}

Java Threads: ( => current thread )
Total: 0

Other Threads:
  0x00000202cffef680 WorkerThread "GC Thread#0"                     [id=24540, stack(0x000000a387e00000,0x000000a387f00000) (1024K)]
  0x00000202cdc9de70 ConcurrentGCThread "G1 Main Marker"            [id=13168, stack(0x000000a387f00000,0x000000a388000000) (1024K)]
  0x00000202cdc9e890 WorkerThread "G1 Conc#0"                       [id=23240, stack(0x000000a388000000,0x000000a388100000) (1024K)]

[error occurred during error reporting (printing all threads), id 0xc0000005, EXCEPTION_ACCESS_VIOLATION (0xc0000005) at pc=0x00007ffc73cf56a7]
VM state: not at safepoint (not fully initialized)

VM Mutex/Monitor currently owned by a thread:  ([mutex/lock_event])
[0x00007ffc7466e660] Heap_lock - owner thread: 0x00000202cdbdcd80

Heap address: 0x0000000704e00000, size: 4018 MB, Compressed Oops mode: Zero based, Oop shift amount: 3

CDS archive(s) mapped at: [0x0000000000000000-0x0000000000000000-0x0000000000000000), size 0, SharedBaseAddress: 0x0000000800000000, ArchiveRelocationMode: 1.
Narrow klass base: 0x0000000000000000, Narrow klass shift: 0, Narrow klass range: 0x0

GC Precious Log:
 CardTable entry size: 512
 Card Set container configuration: InlinePtr #cards 4 size 8 Array Of Cards #cards 16 size 48 Howl #buckets 8 coarsen threshold 3686 Howl Bitmap #cards 512 size 80 coarsen threshold 460 Card regions per heap region 1 cards per card region 4096

Heap:
 garbage-first heap   total 0K, used 0K [0x0000000704e00000, 0x0000000800000000)
  region size 2048K, 0 young (0K), 0 survivors (0K)

[error occurred during error reporting (printing heap information), id 0xc0000005, EXCEPTION_ACCESS_VIOLATION (0xc0000005) at pc=0x00007ffc740e13b9]
GC Heap History (0 events):
No events

Dll operation events (1 events):
Event: 0.329 Loaded shared library C:\Users\Duy\scoop\apps\temurin21-jdk\current\bin\java.dll

Deoptimization events (0 events):
No events

Classes loaded (0 events):
No events

Classes unloaded (0 events):
No events

Classes redefined (0 events):
No events

Internal exceptions (0 events):
No events

ZGC Phase Switch (0 events):
No events

VM Operations (0 events):
No events

Memory protections (0 events):
No events

Nmethod flushes (0 events):
No events

Events (0 events):
No events


Dynamic libraries:
0x00007ff71fc20000 - 0x00007ff71fc2e000 	C:\Users\Duy\scoop\apps\temurin21-jdk\current\bin\java.exe
0x00007ffd1c180000 - 0x00007ffd1c3e7000 	C:\WINDOWS\SYSTEM32\ntdll.dll
0x00007ffd1a2f0000 - 0x00007ffd1a3b9000 	C:\WINDOWS\System32\KERNEL32.DLL
0x00007ffd18b10000 - 0x00007ffd18f01000 	C:\WINDOWS\System32\KERNELBASE.dll
0x00007ffd191c0000 - 0x00007ffd1930b000 	C:\WINDOWS\System32\ucrtbase.dll
0x00007ffd01a90000 - 0x00007ffd01aa8000 	C:\Users\Duy\scoop\apps\temurin21-jdk\current\bin\jli.dll
0x00007ffd1abc0000 - 0x00007ffd1ad85000 	C:\WINDOWS\System32\USER32.dll
0x00007ffd19ef0000 - 0x00007ffd19f17000 	C:\WINDOWS\System32\win32u.dll
0x00007ffd1b290000 - 0x00007ffd1b2bb000 	C:\WINDOWS\System32\GDI32.dll
0x00007ffd19090000 - 0x00007ffd191bb000 	C:\WINDOWS\System32\gdi32full.dll
0x00007ffd18a60000 - 0x00007ffd18b03000 	C:\WINDOWS\System32\msvcp_win.dll
0x00007ffcfea80000 - 0x00007ffcfea9e000 	C:\Users\Duy\scoop\apps\temurin21-jdk\current\bin\VCRUNTIME140.dll
0x00007ffcfca70000 - 0x00007ffcfcd03000 	C:\WINDOWS\WinSxS\amd64_microsoft.windows.common-controls_6595b64144ccf1df_6.0.26100.8037_none_3e092faae333b53b\COMCTL32.dll
0x00007ffd19f30000 - 0x00007ffd19fd9000 	C:\WINDOWS\System32\msvcrt.dll
0x00007ffd1a2b0000 - 0x00007ffd1a2e1000 	C:\WINDOWS\System32\IMM32.DLL
0x00007ffd114c0000 - 0x00007ffd114cc000 	C:\Users\Duy\scoop\apps\temurin21-jdk\current\bin\vcruntime140_1.dll
0x00007ffcf7390000 - 0x00007ffcf741d000 	C:\Users\Duy\scoop\apps\temurin21-jdk\current\bin\msvcp140.dll
0x00007ffc739b0000 - 0x00007ffc74751000 	C:\Users\Duy\scoop\apps\temurin21-jdk\current\bin\server\jvm.dll
0x00007ffd1b370000 - 0x00007ffd1b42b000 	C:\WINDOWS\System32\ADVAPI32.dll
0x00007ffd1b2c0000 - 0x00007ffd1b367000 	C:\WINDOWS\System32\sechost.dll
0x00007ffd1b630000 - 0x00007ffd1b748000 	C:\WINDOWS\System32\RPCRT4.dll
0x00007ffd1a3c0000 - 0x00007ffd1a434000 	C:\WINDOWS\System32\WS2_32.dll
0x00007ffd188c0000 - 0x00007ffd1891e000 	C:\WINDOWS\SYSTEM32\POWRPROF.dll
0x00007ffd12530000 - 0x00007ffd12565000 	C:\WINDOWS\SYSTEM32\WINMM.dll
0x00007ffd07960000 - 0x00007ffd0796b000 	C:\WINDOWS\SYSTEM32\VERSION.dll
0x00007ffd188a0000 - 0x00007ffd188b4000 	C:\WINDOWS\SYSTEM32\UMPDC.dll
0x00007ffd177b0000 - 0x00007ffd177cb000 	C:\WINDOWS\SYSTEM32\kernel.appcore.dll
0x00007ffd07ba0000 - 0x00007ffd07baa000 	C:\Users\Duy\scoop\apps\temurin21-jdk\current\bin\jimage.dll
0x00007ffd16a00000 - 0x00007ffd16c42000 	C:\WINDOWS\SYSTEM32\DBGHELP.DLL
0x00007ffd1bdb0000 - 0x00007ffd1c132000 	C:\WINDOWS\System32\combase.dll
0x00007ffd1ae80000 - 0x00007ffd1af57000 	C:\WINDOWS\System32\OLEAUT32.dll
0x00007ffd10f30000 - 0x00007ffd10f6b000 	C:\WINDOWS\SYSTEM32\dbgcore.DLL
0x00007ffd19310000 - 0x00007ffd193b5000 	C:\WINDOWS\System32\bcryptPrimitives.dll
0x00007ffd06fa0000 - 0x00007ffd06faf000 	C:\Users\Duy\scoop\apps\temurin21-jdk\current\bin\instrument.dll
0x00007ffcfdbf0000 - 0x00007ffcfdc10000 	C:\Users\Duy\scoop\apps\temurin21-jdk\current\bin\java.dll

JVMTI agents:
C:/Users/Duy/AppData/Local/Zed/extensions/work/java/lombok/lombok-1.18.44.jar path:none, loaded, not initialized, instrumentlib options:none

dbghelp: loaded successfully - version: 4.0.5 - missing functions: none
symbol engine: initialized successfully - sym options: 0x614 - pdb path: .;C:\Users\Duy\scoop\apps\temurin21-jdk\current\bin;C:\WINDOWS\SYSTEM32;C:\WINDOWS\WinSxS\amd64_microsoft.windows.common-controls_6595b64144ccf1df_6.0.26100.8037_none_3e092faae333b53b;C:\Users\Duy\scoop\apps\temurin21-jdk\current\bin\server

VM Arguments:
jvm_args: -Declipse.application=org.eclipse.jdt.ls.core.id1 -Dosgi.bundles.defaultStartLevel=4 -Declipse.product=org.eclipse.jdt.ls.core.product -Dosgi.checkConfiguration=true -Dosgi.sharedConfiguration.area=C:/Users/Duy/AppData/Local/Zed/extensions/work/java/jdtls/jdt-language-server-1.57.0-202602261110/config_win -Dosgi.sharedConfiguration.area.readOnly=true -Dosgi.configuration.cascaded=true -Djava.import.generatesMetadataFilesAtProjectRoot=false -Xms1G --add-modules=ALL-SYSTEM --add-opens=java.base/java.util=ALL-UNNAMED --add-opens=java.base/java.lang=ALL-UNNAMED -javaagent:C:/Users/Duy/AppData/Local/Zed/extensions/work/java/lombok/lombok-1.18.44.jar 
java_command: C:/Users/Duy/AppData/Local/Zed/extensions/work/java/jdtls/jdt-language-server-1.57.0-202602261110/plugins/org.eclipse.equinox.launcher_1.7.100.v20251111-0406.jar -data C:\Users\Duy\AppData\Roaming/jdtls-7fa3783e76fcbab2fc302d4eb06d8d9188cd84f5
java_class_path (initial): C:/Users/Duy/AppData/Local/Zed/extensions/work/java/jdtls/jdt-language-server-1.57.0-202602261110/plugins/org.eclipse.equinox.launcher_1.7.100.v20251111-0406.jar
Launcher Type: SUN_STANDARD

[Global flags]
     intx CICompilerCount                          = 4                                         {product} {ergonomic}
     uint ConcGCThreads                            = 3                                         {product} {ergonomic}
     uint G1ConcRefinementThreads                  = 10                                        {product} {ergonomic}
   size_t G1HeapRegionSize                         = 2097152                                   {product} {ergonomic}
    uintx GCDrainStackTargetSize                   = 64                                        {product} {ergonomic}
   size_t InitialHeapSize                          = 1073741824                                {product} {command line}
   size_t MarkStackSize                            = 4194304                                   {product} {ergonomic}
   size_t MaxHeapSize                              = 4213178368                                {product} {ergonomic}
   size_t MinHeapDeltaBytes                        = 2097152                                   {product} {ergonomic}
   size_t MinHeapSize                              = 1073741824                                {product} {command line}
    uintx NonNMethodCodeHeapSize                   = 5839372                                {pd product} {ergonomic}
    uintx NonProfiledCodeHeapSize                  = 122909434                              {pd product} {ergonomic}
    uintx ProfiledCodeHeapSize                     = 122909434                              {pd product} {ergonomic}
    uintx ReservedCodeCacheSize                    = 251658240                              {pd product} {ergonomic}
     bool SegmentedCodeCache                       = true                                      {product} {ergonomic}
   size_t SoftMaxHeapSize                          = 4213178368                             {manageable} {ergonomic}
     bool UseCompressedOops                        = true                           {product lp64_product} {ergonomic}
     bool UseG1GC                                  = true                                      {product} {ergonomic}
     bool UseLargePagesIndividualAllocation        = false                                  {pd product} {ergonomic}

Logging:
Log output configuration:
 #0: stdout all=warning uptime,level,tags foldmultilines=false
 #1: stderr all=off uptime,level,tags foldmultilines=false

Release file:
<release file has not been read>
Environment Variables:
JAVA_HOME=C:\Users\Duy\scoop\apps\temurin21-jdk\current
PATH=C:\Users\Duy\bin;C:\dev_env\Git\mingw64\bin;C:\dev_env\Git\usr\local\bin;C:\dev_env\Git\usr\bin;C:\dev_env\Git\usr\bin;C:\dev_env\Git\mingw64\bin;C:\dev_env\Git\usr\bin;C:\Users\Duy\bin;C:\Program Files (x86)\VMware\VMware Player\bin;C:\Windows\system32;C:\Windows\System32\Wbem;C:\Windows\System32\WindowsPowerShell\v1.0;C:\Windows\System32\OpenSSH;C:\Program Files\dotnet;C:\Program Files (x86)\NVIDIA Corporation\PhysX\Common;C:\Program Files\NVIDIA Corporation\NVIDIA NvDLISR;C:\WINDOWS\system32;C:\WINDOWS;C:\WINDOWS\System32\Wbem;C:\WINDOWS\System32\WindowsPowerShell\v1.0;C:\WINDOWS\System32\OpenSSH;C:\Users\Duy\AppData\Local\Microsoft\WindowsApps;C:\ProgramData\chocolatey\bin;%NVM_HOME%;%NVM_SYMLINK%;C:\Program Files\PostgreSQL\17\bin;C:\Program Files\Docker\Docker\resources\bin;C:\Users\Duy\AppData\Roaming\npm;C:\Program Files\Cloudflare\Cloudflare WARP;C:\dev_env\strawberry_perl\c\bin;C:\dev_env\strawberry_perl\perl\site\bin;C:\dev_env\strawberry_perl\perl\bin;C:\dev_env\Git\cmd;C:\Users\Duy\scoop\apps\temurin21-jdk\current\bin;C:\Users\Duy\scoop\apps\temurin17-jdk\current\bin;C:\Users\Duy\scoop\apps\openjdk25\current\bin;C:\Users\Duy\scoop\shims;C:\dev_env\miniconda;C:\dev_env\miniconda\Library\mingw-w64\bin;C:\dev_env\miniconda\Library\usr\bin;C:\dev_env\miniconda\Library\bin;C:\dev_env\miniconda\Scripts;C:\Users\Duy\.cargo\bin;C:\Users\Duy\.local\bin;C:\Users\Duy\AppData\Local\Microsoft\WindowsApps;C:\Users\Duy\AppData\Local\Microsoft\WinGet\Packages\Schniz.fnm_Microsoft.Winget.Source_8wekyb3d8bbwe;C:\dev_env\Git\cmd;C:\dev_env\git\bin;C:\dev_env\nvm;C:\dev_env\nodejs;C:\Users\Duy\AppData\Local\GitHubDesktop\bin;C:\Users\Duy\AppData\Local\Programs\Microsoft VS Code\bin;C:\Users\Duy\AppData\Local\Programs\Antigravity\bin;C:\Users\Duy\AppData\Local\Programs\MiKTeX\miktex\bin\x64;C:\Users\Duy\AppData\Local\Android\Sdk;C:\Users\Duy\AppData\Local\Programs\Zed\bin;C:\Users\Duy\AppData\Local\Microsoft\WinGet\Packages\jqlang.jq_Microsoft.Winget.Source_8wekyb3d8bbwe;C:\dev_env\Git\usr\bin\vendor_perl;C:\dev_env\Git\usr\bin\core_perl
USERNAME=Duy
SHELL=C:\dev_env\Git\usr\bin\bash.exe
DISPLAY=needs-to-be-defined
LANG=en_US.UTF-8
TERM=xterm-256color
TMPDIR=C:\Users\Duy\AppData\Local\Temp
OS=Windows_NT
PROCESSOR_IDENTIFIER=Intel64 Family 6 Model 186 Stepping 3, GenuineIntel
TMP=C:\Users\Duy\AppData\Local\Temp
TEMP=C:\Users\Duy\AppData\Local\Temp




Periodic native trim disabled

---------------  S Y S T E M  ---------------

OS:
 Windows 11 , 64 bit Build 26100 (10.0.26100.7920)
OS uptime: 0 days 4:12 hours
Hyper-V role detected

CPU: total 12 (initial active 12) (6 cores per cpu, 2 threads per core) family 6 model 186 stepping 3 microcode 0x4128, cx8, cmov, fxsr, ht, mmx, 3dnowpref, sse, sse2, sse3, ssse3, sse4.1, sse4.2, popcnt, lzcnt, tsc, tscinvbit, avx, avx2, aes, erms, clmul, bmi1, bmi2, adx, sha, fma, vzeroupper, clflush, clflushopt, clwb, hv, serialize, rdtscp, rdpid, fsrm, f16c, cet_ibt, cet_ss
Processor Information for processor 0
  Max Mhz: 1700, Current Mhz: 1700, Mhz Limit: 1700
Processor Information for processor 1
  Max Mhz: 1700, Current Mhz: 1700, Mhz Limit: 1700
Processor Information for processor 2
  Max Mhz: 1700, Current Mhz: 1700, Mhz Limit: 1700
Processor Information for processor 3
  Max Mhz: 1700, Current Mhz: 1700, Mhz Limit: 1700
Processor Information for processor 4
  Max Mhz: 1700, Current Mhz: 1700, Mhz Limit: 1700
Processor Information for processor 5
  Max Mhz: 1700, Current Mhz: 1558, Mhz Limit: 1700
Processor Information for processor 6
  Max Mhz: 1700, Current Mhz: 1700, Mhz Limit: 1700
Processor Information for processor 7
  Max Mhz: 1700, Current Mhz: 1558, Mhz Limit: 1700
Processor Information for processor 8
  Max Mhz: 1700, Current Mhz: 1558, Mhz Limit: 1700
Processor Information for processor 9
  Max Mhz: 1700, Current Mhz: 1700, Mhz Limit: 1700
Processor Information for processor 10
  Max Mhz: 1700, Current Mhz: 1700, Mhz Limit: 1700
Processor Information for processor 11
  Max Mhz: 1700, Current Mhz: 1558, Mhz Limit: 1700

Memory: 4k page, system-wide physical 16068M (2625M free)
TotalPageFile size 44324M (AvailPageFile size 973M)
current process WorkingSet (physical memory assigned to process): 12M, peak: 12M
current process commit charge ("private bytes"): 64M, peak: 1088M

vm_info: OpenJDK 64-Bit Server VM (21.0.10+7-LTS) for windows-amd64 JRE (21.0.10+7-LTS), built on 2026-01-20T00:00:00Z by "admin" with MS VC++ 17.12 (VS2022)

END.
